simpsonsBabies
    should have value 
[Homer, Maggie]
    but does not